   Compiling proc_A_dine01 v0.1.1 (C:\dev\github\Rust_engine_template_01)
warning: unused import: `ViewportRectSanity`
  --> src\gui\hud\sim_view_sync_debug.rs:20:53
   |
20 | use crate::gui::hud::{HudDockRegistry, HudWidgetId, ViewportRectSanity};
   |                                                     ^^^^^^^^^^^^^^^^^^
   |
   = note: `#[warn(unused_imports)]` (part of `#[warn(unused)]`) on by default

warning: unused import: `crate::gui::CommandLeftStackState`
  --> src\gui\hud\sim_view_sync_debug.rs:21:5
   |
21 | use crate::gui::CommandLeftStackState;
   |     ^^^^^^^^^^^^^^^^^^^^^^^^^^^^^^^^^

warning: unused import: `MapCameraDesired`
  --> src\gui\hud\sim_view_sync_debug.rs:23:79
   |
23 |     MainWorldCamera, MainWorldCameraOrthoTrace, MainWorldCameraViewportLatch, MapCameraDesired,
   |                                                                               ^^^^^^^^^^^^^^^^

warning: unused import: `MinimapShellState`
  --> src\gui\hud\sim_view_sync_debug.rs:26:5
   |
26 |     MinimapShellState, SimulationMapViewport, SimulationMapViewportDebug, SimulationMapViewportTrace,
   |     ^^^^^^^^^^^^^^^^^

warning: `proc_A_dine01` (lib) generated 4 warnings (run `cargo fix --lib -p proc_A_dine01` to apply 4 suggestions)
    Finished `dev` profile [unoptimized + debuginfo] target(s) in 21.11s
     Running `target\debug\proc_A_dine01.exe --test visual --debug-visual-diag`
