22:31:58 | INFO: Data are loaded, start creating Blender stuff
22:31:58 | INFO: Blender create Mesh node Cube
22:31:58 | INFO: glTF import finished in 0.00s
ASSEMBLY_MATERIAL_WARN corner_L_0_0 steel_corner_01: No module named 'export_glb'
22:31:58 | INFO: Data are loaded, start creating Blender stuff
22:31:58 | INFO: Blender create Mesh node Cube
22:31:58 | INFO: glTF import finished in 0.00s
ASSEMBLY_MATERIAL_WARN wall_steel_1u_1_0 steel_panel_01: No module named 'export_glb'
22:31:58 | INFO: Data are loaded, start creating Blender stuff
22:31:58 | INFO: Blender create Mesh node Cube
22:31:58 | INFO: glTF import finished in 0.00s
ASSEMBLY_MATERIAL_WARN wall_steel_1u_2_0 steel_panel_01: No module named 'export_glb'
22:31:58 | INFO: Data are loaded, start creating Blender stuff
22:31:58 | INFO: Blender create Mesh node Cube
22:31:58 | INFO: glTF import finished in 0.00s
ASSEMBLY_MATERIAL_WARN wall_steel_1u_3_0 steel_panel_01: No module named 'export_glb'
22:31:58 | INFO: Data are loaded, start creating Blender stuff
22:31:58 | INFO: Blender create Mesh node door_warehouse_lod0_run001
22:31:58 | INFO: glTF import finished in 0.00s
ASSEMBLY_MATERIAL_WARN door_warehouse_4_0 steel_door_warehouse_01: No module named 'export_glb'
22:31:58 | INFO: Data are loaded, start creating Blender stuff
22:31:58 | INFO: Blender create Mesh node Cube
22:31:58 | INFO: glTF import finished in 0.00s
ASSEMBLY_MATERIAL_WARN wall_steel_1u_5_0 steel_panel_01: No module named 'export_glb'
22:31:58 | INFO: Data are loaded, start creating Blender stuff
22:31:58 | INFO: Blender create Mesh node Cube
22:31:58 | INFO: glTF import finished in 0.00s
ASSEMBLY_MATERIAL_WARN wall_steel_1u_6_0 steel_panel_01: No module named 'export_glb'
22:31:58 | INFO: Data are loaded, start creating Blender stuff
22:31:58 | INFO: Blender create Mesh node Cube
22:31:58 | INFO: glTF import finished in 0.00s
ASSEMBLY_MATERIAL_WARN wall_steel_1u_7_0 steel_panel_01: No module named 'export_glb'
22:31:58 | INFO: Data are loaded, start creating Blender stuff
22:31:58 | INFO: Blender create Mesh node Cube
22:31:58 | INFO: glTF import finished in 0.00s
ASSEMBLY_MATERIAL_WARN corner_L_8_0 steel_corner_01: No module named 'export_glb'
22:31:58 | INFO: Data are loaded, start creating Blender stuff
22:31:58 | INFO: Blender create Mesh node Cube
22:31:58 | INFO: glTF import finished in 0.00s
ASSEMBLY_MATERIAL_WARN wall_steel_1u_0_1 steel_panel_01: No module named 'export_glb'
22:31:58 | INFO: Data are loaded, start creating Blender stuff
22:31:58 | INFO: Blender create Mesh node Cube
22:31:58 | INFO: glTF import finished in 0.00s
ASSEMBLY_MATERIAL_WARN wall_steel_1u_8_1 steel_panel_01: No module named 'export_glb'
22:31:58 | INFO: Data are loaded, start creating Blender stuff
22:31:58 | INFO: Blender create Mesh node Cube
22:31:58 | INFO: glTF import finished in 0.00s
ASSEMBLY_MATERIAL_WARN wall_steel_1u_0_2 steel_panel_01: No module named 'export_glb'
22:31:58 | INFO: Data are loaded, start creating Blender stuff
22:31:58 | INFO: Blender create Mesh node Cube
22:31:58 | INFO: glTF import finished in 0.00s
ASSEMBLY_MATERIAL_WARN wall_steel_1u_8_2 steel_panel_01: No module named 'export_glb'
22:31:58 | INFO: Data are loaded, start creating Blender stuff
22:31:58 | INFO: Blender create Mesh node Cube
22:31:58 | INFO: glTF import finished in 0.00s
ASSEMBLY_MATERIAL_WARN wall_steel_1u_0_3 steel_panel_01: No module named 'export_glb'
22:31:58 | INFO: Data are loaded, start creating Blender stuff
22:31:58 | INFO: Blender create Mesh node Cube
22:31:58 | INFO: glTF import finished in 0.00s
ASSEMBLY_MATERIAL_WARN wall_steel_1u_8_3 steel_panel_01: No module named 'export_glb'
22:31:58 | INFO: Data are loaded, start creating Blender stuff
22:31:58 | INFO: Blender create Mesh node Cube
22:31:58 | INFO: glTF import finished in 0.00s
ASSEMBLY_MATERIAL_WARN wall_steel_1u_0_4 steel_panel_01: No module named 'export_glb'
22:31:58 | INFO: Data are loaded, start creating Blender stuff
22:31:58 | INFO: Blender create Mesh node Cube
22:31:58 | INFO: glTF import finished in 0.01s
ASSEMBLY_MATERIAL_WARN wall_steel_1u_8_4 steel_panel_01: No module named 'export_glb'
22:31:58 | INFO: Data are loaded, start creating Blender stuff
22:31:58 | INFO: Blender create Mesh node Cube
22:31:58 | INFO: glTF import finished in 0.00s
ASSEMBLY_MATERIAL_WARN corner_L_0_5 steel_corner_01: No module named 'export_glb'
22:31:58 | INFO: Data are loaded, start creating Blender stuff
22:31:58 | INFO: Blender create Mesh node Cube
22:31:58 | INFO: glTF import finished in 0.00s
ASSEMBLY_MATERIAL_WARN wall_steel_1u_1_5 steel_panel_01: No module named 'export_glb'
22:31:58 | INFO: Data are loaded, start creating Blender stuff
22:31:58 | INFO: Blender create Mesh node Cube
22:31:58 | INFO: glTF import finished in 0.00s
ASSEMBLY_MATERIAL_WARN wall_steel_1u_2_5 steel_panel_01: No module named 'export_glb'
22:31:58 | INFO: Data are loaded, start creating Blender stuff
22:31:58 | INFO: Blender create Mesh node Cube
22:31:58 | INFO: glTF import finished in 0.00s
ASSEMBLY_MATERIAL_WARN wall_steel_1u_3_5 steel_panel_01: No module named 'export_glb'
22:31:58 | INFO: Data are loaded, start creating Blender stuff
22:31:58 | INFO: Blender create Mesh node Cube
22:31:58 | INFO: glTF import finished in 0.00s
ASSEMBLY_MATERIAL_WARN wall_steel_1u_4_5 steel_panel_01: No module named 'export_glb'
22:31:58 | INFO: Data are loaded, start creating Blender stuff
22:31:58 | INFO: Blender create Mesh node Cube
22:31:58 | INFO: glTF import finished in 0.02s
ASSEMBLY_MATERIAL_WARN wall_steel_1u_5_5 steel_panel_01: No module named 'export_glb'
22:31:58 | INFO: Data are loaded, start creating Blender stuff
22:31:58 | INFO: Blender create Mesh node Cube
22:31:58 | INFO: glTF import finished in 0.00s
ASSEMBLY_MATERIAL_WARN wall_steel_1u_6_5 steel_panel_01: No module named 'export_glb'
22:31:58 | INFO: Data are loaded, start creating Blender stuff
22:31:58 | INFO: Blender create Mesh node Cube
22:31:58 | INFO: glTF import finished in 0.00s
ASSEMBLY_MATERIAL_WARN wall_steel_1u_7_5 steel_panel_01: No module named 'export_glb'
22:31:58 | INFO: Data are loaded, start creating Blender stuff
22:31:58 | INFO: Blender create Mesh node Cube
22:31:58 | INFO: glTF import finished in 0.00s
ASSEMBLY_MATERIAL_WARN corner_L_8_5 steel_corner_01: No module named 'export_glb'
22:31:58 | INFO: Data are loaded, start creating Blender stuff
22:31:58 | INFO: Blender create Mesh node Cube
22:31:58 | INFO: glTF import finished in 0.00s
ASSEMBLY_MATERIAL_WARN corner_L_0_0.001 steel_corner_01: No module named 'export_glb'
22:31:58 | INFO: Data are loaded, start creating Blender stuff
22:31:58 | INFO: Blender create Mesh node Cube
22:31:58 | INFO: glTF import finished in 0.00s
ASSEMBLY_MATERIAL_WARN wall_steel_1u_1_0.001 steel_panel_01: No module named 'export_glb'
22:31:58 | INFO: Data are loaded, start creating Blender stuff
22:31:58 | INFO: Blender create Mesh node Cube
22:31:58 | INFO: glTF import finished in 0.00s
ASSEMBLY_MATERIAL_WARN wall_steel_1u_2_0.001 steel_panel_01: No module named 'export_glb'
22:31:58 | INFO: Data are loaded, start creating Blender stuff
22:31:58 | INFO: Blender create Mesh node Cube
22:31:58 | INFO: glTF import finished in 0.01s
ASSEMBLY_MATERIAL_WARN wall_steel_1u_3_0.001 steel_panel_01: No module named 'export_glb'
22:31:58 | INFO: Data are loaded, start creating Blender stuff
22:31:58 | INFO: Blender create Mesh node Cube
22:31:58 | INFO: glTF import finished in 0.00s
ASSEMBLY_MATERIAL_WARN wall_steel_1u_4_0 steel_panel_01: No module named 'export_glb'
22:31:58 | INFO: Data are loaded, start creating Blender stuff
22:31:58 | INFO: Blender create Mesh node Cube
22:31:58 | INFO: glTF import finished in 0.00s
ASSEMBLY_MATERIAL_WARN wall_steel_1u_5_0.001 steel_panel_01: No module named 'export_glb'
22:31:58 | INFO: Data are loaded, start creating Blender stuff
22:31:58 | INFO: Blender create Mesh node Cube
22:31:58 | INFO: glTF import finished in 0.00s
ASSEMBLY_MATERIAL_WARN wall_steel_1u_6_0.001 steel_panel_01: No module named 'export_glb'
22:31:58 | INFO: Data are loaded, start creating Blender stuff
22:31:58 | INFO: Blender create Mesh node Cube
22:31:58 | INFO: glTF import finished in 0.00s
ASSEMBLY_MATERIAL_WARN wall_steel_1u_7_0.001 steel_panel_01: No module named 'export_glb'
22:31:58 | INFO: Data are loaded, start creating Blender stuff
22:31:58 | INFO: Blender create Mesh node Cube
22:31:58 | INFO: glTF import finished in 0.00s
ASSEMBLY_MATERIAL_WARN corner_L_8_0.001 steel_corner_01: No module named 'export_glb'
22:31:58 | INFO: Data are loaded, start creating Blender stuff
22:31:58 | INFO: Blender create Mesh node Cube
22:31:58 | INFO: glTF import finished in 0.00s
ASSEMBLY_MATERIAL_WARN wall_steel_1u_0_1.001 steel_panel_01: No module named 'export_glb'
22:31:58 | INFO: Data are loaded, start creating Blender stuff
22:31:58 | INFO: Blender create Mesh node Cube
22:31:58 | INFO: glTF import finished in 0.00s
ASSEMBLY_MATERIAL_WARN wall_steel_1u_8_1.001 steel_panel_01: No module named 'export_glb'
22:31:58 | INFO: Data are loaded, start creating Blender stuff
22:31:58 | INFO: Blender create Mesh node Cube
22:31:58 | INFO: glTF import finished in 0.00s
ASSEMBLY_MATERIAL_WARN wall_steel_1u_0_2.001 steel_panel_01: No module named 'export_glb'
22:31:58 | INFO: Data are loaded, start creating Blender stuff
22:31:58 | INFO: Blender create Mesh node Cube
22:31:58 | INFO: glTF import finished in 0.00s
ASSEMBLY_MATERIAL_WARN wall_steel_1u_8_2.001 steel_panel_01: No module named 'export_glb'
22:31:58 | INFO: Data are loaded, start creating Blender stuff
22:31:58 | INFO: Blender create Mesh node Cube
22:31:58 | INFO: glTF import finished in 0.00s
ASSEMBLY_MATERIAL_WARN wall_steel_1u_0_3.001 steel_panel_01: No module named 'export_glb'
22:31:58 | INFO: Data are loaded, start creating Blender stuff
22:31:58 | INFO: Blender create Mesh node Cube
22:31:58 | INFO: glTF import finished in 0.00s
ASSEMBLY_MATERIAL_WARN wall_steel_1u_8_3.001 steel_panel_01: No module named 'export_glb'
22:31:58 | INFO: Data are loaded, start creating Blender stuff
22:31:58 | INFO: Blender create Mesh node Cube
22:31:58 | INFO: glTF import finished in 0.00s
ASSEMBLY_MATERIAL_WARN wall_steel_1u_0_4.001 steel_panel_01: No module named 'export_glb'
22:31:58 | INFO: Data are loaded, start creating Blender stuff
22:31:58 | INFO: Blender create Mesh node Cube
22:31:58 | INFO: glTF import finished in 0.01s
ASSEMBLY_MATERIAL_WARN wall_steel_1u_8_4.001 steel_panel_01: No module named 'export_glb'
22:31:58 | INFO: Data are loaded, start creating Blender stuff
22:31:58 | INFO: Blender create Mesh node Cube
22:31:58 | INFO: glTF import finished in 0.00s
ASSEMBLY_MATERIAL_WARN corner_L_0_5.001 steel_corner_01: No module named 'export_glb'
22:31:58 | INFO: Data are loaded, start creating Blender stuff
22:31:58 | INFO: Blender create Mesh node Cube
22:31:58 | INFO: glTF import finished in 0.00s
ASSEMBLY_MATERIAL_WARN wall_steel_1u_1_5.001 steel_panel_01: No module named 'export_glb'
22:31:58 | INFO: Data are loaded, start creating Blender stuff
22:31:58 | INFO: Blender create Mesh node Cube
22:31:58 | INFO: glTF import finished in 0.00s
ASSEMBLY_MATERIAL_WARN wall_steel_1u_2_5.001 steel_panel_01: No module named 'export_glb'
22:31:58 | INFO: Data are loaded, start creating Blender stuff
22:31:58 | INFO: Blender create Mesh node Cube
22:31:58 | INFO: glTF import finished in 0.00s
ASSEMBLY_MATERIAL_WARN wall_steel_1u_3_5.001 steel_panel_01: No module named 'export_glb'
22:31:58 | INFO: Data are loaded, start creating Blender stuff
22:31:58 | INFO: Blender create Mesh node Cube
22:31:58 | INFO: glTF import finished in 0.00s
ASSEMBLY_MATERIAL_WARN wall_steel_1u_4_5.001 steel_panel_01: No module named 'export_glb'
22:31:58 | INFO: Data are loaded, start creating Blender stuff
22:31:58 | INFO: Blender create Mesh node Cube
22:31:58 | INFO: glTF import finished in 0.02s
ASSEMBLY_MATERIAL_WARN wall_steel_1u_5_5.001 steel_panel_01: No module named 'export_glb'
22:31:58 | INFO: Data are loaded, start creating Blender stuff
22:31:58 | INFO: Blender create Mesh node Cube
22:31:58 | INFO: glTF import finished in 0.00s
ASSEMBLY_MATERIAL_WARN wall_steel_1u_6_5.001 steel_panel_01: No module named 'export_glb'
22:31:58 | INFO: Data are loaded, start creating Blender stuff
22:31:58 | INFO: Blender create Mesh node Cube
22:31:58 | INFO: glTF import finished in 0.00s
ASSEMBLY_MATERIAL_WARN wall_steel_1u_7_5.001 steel_panel_01: No module named 'export_glb'
22:31:58 | INFO: Data are loaded, start creating Blender stuff
22:31:58 | INFO: Blender create Mesh node Cube
22:31:58 | INFO: glTF import finished in 0.00s
ASSEMBLY_MATERIAL_WARN corner_L_8_5.001 steel_corner_01: No module named 'export_glb'
22:31:58 | INFO: Data are loaded, start creating Blender stuff
22:31:58 | INFO: Blender create Mesh node Cube
22:31:58 | INFO: glTF import finished in 0.00s
ASSEMBLY_MATERIAL_WARN roof_metal_low_0_0 roof_metal_01: No module named 'export_glb'
22:31:58 | INFO: Data are loaded, start creating Blender stuff
22:31:58 | INFO: Blender create Mesh node Cube
22:31:58 | INFO: glTF import finished in 0.00s
ASSEMBLY_MATERIAL_WARN roof_metal_low_1_0 roof_metal_01: No module named 'export_glb'
22:31:58 | INFO: Data are loaded, start creating Blender stuff
22:31:58 | INFO: Blender create Mesh node Cube
22:31:58 | INFO: glTF import finished in 0.00s
ASSEMBLY_MATERIAL_WARN roof_metal_low_2_0 roof_metal_01: No module named 'export_glb'
22:31:58 | INFO: Data are loaded, start creating Blender stuff
22:31:58 | INFO: Blender create Mesh node Cube
22:31:58 | INFO: glTF import finished in 0.00s
ASSEMBLY_MATERIAL_WARN roof_metal_low_3_0 roof_metal_01: No module named 'export_glb'
22:31:58 | INFO: Data are loaded, start creating Blender stuff
22:31:58 | INFO: Blender create Mesh node Cube
22:31:58 | INFO: glTF import finished in 0.00s
ASSEMBLY_MATERIAL_WARN roof_metal_low_4_0 roof_metal_01: No module named 'export_glb'
22:31:58 | INFO: Data are loaded, start creating Blender stuff
22:31:58 | INFO: Blender create Mesh node Cube
22:31:58 | INFO: glTF import finished in 0.00s
ASSEMBLY_MATERIAL_WARN roof_metal_low_5_0 roof_metal_01: No module named 'export_glb'
22:31:58 | INFO: Data are loaded, start creating Blender stuff
22:31:58 | INFO: Blender create Mesh node Cube
22:31:58 | INFO: glTF import finished in 0.00s
ASSEMBLY_MATERIAL_WARN roof_metal_low_6_0 roof_metal_01: No module named 'export_glb'
22:31:58 | INFO: Data are loaded, start creating Blender stuff
22:31:58 | INFO: Blender create Mesh node Cube
22:31:58 | INFO: glTF import finished in 0.00s
ASSEMBLY_MATERIAL_WARN roof_metal_low_7_0 roof_metal_01: No module named 'export_glb'
22:31:58 | INFO: Data are loaded, start creating Blender stuff
22:31:58 | INFO: Blender create Mesh node Cube
22:31:58 | INFO: glTF import finished in 0.04s
ASSEMBLY_MATERIAL_WARN roof_metal_low_8_0 roof_metal_01: No module named 'export_glb'
22:31:58 | INFO: Data are loaded, start creating Blender stuff
22:31:58 | INFO: Blender create Mesh node Cube
22:31:58 | INFO: glTF import finished in 0.00s
ASSEMBLY_MATERIAL_WARN roof_metal_low_0_1 roof_metal_01: No module named 'export_glb'
22:31:58 | INFO: Data are loaded, start creating Blender stuff
22:31:58 | INFO: Blender create Mesh node Cube
22:31:58 | INFO: glTF import finished in 0.00s
ASSEMBLY_MATERIAL_WARN roof_metal_low_8_1 roof_metal_01: No module named 'export_glb'
22:31:58 | INFO: Data are loaded, start creating Blender stuff
22:31:58 | INFO: Blender create Mesh node Cube
22:31:58 | INFO: glTF import finished in 0.00s
ASSEMBLY_MATERIAL_WARN roof_metal_low_0_2 roof_metal_01: No module named 'export_glb'
22:31:58 | INFO: Data are loaded, start creating Blender stuff
22:31:58 | INFO: Blender create Mesh node Cube
22:31:58 | INFO: glTF import finished in 0.00s
ASSEMBLY_MATERIAL_WARN roof_metal_low_8_2 roof_metal_01: No module named 'export_glb'
22:31:58 | INFO: Data are loaded, start creating Blender stuff
22:31:58 | INFO: Blender create Mesh node Cube
22:31:58 | INFO: glTF import finished in 0.00s
ASSEMBLY_MATERIAL_WARN roof_metal_low_0_3 roof_metal_01: No module named 'export_glb'
22:31:58 | INFO: Data are loaded, start creating Blender stuff
22:31:58 | INFO: Blender create Mesh node Cube
22:31:58 | INFO: glTF import finished in 0.00s
ASSEMBLY_MATERIAL_WARN roof_metal_low_8_3 roof_metal_01: No module named 'export_glb'
22:31:58 | INFO: Data are loaded, start creating Blender stuff
22:31:58 | INFO: Blender create Mesh node Cube
22:31:58 | INFO: glTF import finished in 0.00s
ASSEMBLY_MATERIAL_WARN roof_metal_low_0_4 roof_metal_01: No module named 'export_glb'
22:31:58 | INFO: Data are loaded, start creating Blender stuff
22:31:58 | INFO: Blender create Mesh node Cube
22:31:58 | INFO: glTF import finished in 0.00s
ASSEMBLY_MATERIAL_WARN roof_metal_low_8_4 roof_metal_01: No module named 'export_glb'
22:31:58 | INFO: Data are loaded, start creating Blender stuff
22:31:58 | INFO: Blender create Mesh node Cube
22:31:58 | INFO: glTF import finished in 0.00s
ASSEMBLY_MATERIAL_WARN roof_metal_low_0_5 roof_metal_01: No module named 'export_glb'
22:31:58 | INFO: Data are loaded, start creating Blender stuff
22:31:58 | INFO: Blender create Mesh node Cube
22:31:58 | INFO: glTF import finished in 0.00s
ASSEMBLY_MATERIAL_WARN roof_metal_low_1_5 roof_metal_01: No module named 'export_glb'
22:31:58 | INFO: Data are loaded, start creating Blender stuff
22:31:58 | INFO: Blender create Mesh node Cube
22:31:58 | INFO: glTF import finished in 0.00s
ASSEMBLY_MATERIAL_WARN roof_metal_low_2_5 roof_metal_01: No module named 'export_glb'
22:31:58 | INFO: Data are loaded, start creating Blender stuff
22:31:58 | INFO: Blender create Mesh node Cube
22:31:58 | INFO: glTF import finished in 0.00s
ASSEMBLY_MATERIAL_WARN roof_metal_low_3_5 roof_metal_01: No module named 'export_glb'
22:31:58 | INFO: Data are loaded, start creating Blender stuff
22:31:58 | INFO: Blender create Mesh node Cube
22:31:58 | INFO: glTF import finished in 0.00s
ASSEMBLY_MATERIAL_WARN roof_metal_low_4_5 roof_metal_01: No module named 'export_glb'
22:31:58 | INFO: Data are loaded, start creating Blender stuff
22:31:58 | INFO: Blender create Mesh node Cube
22:31:58 | INFO: glTF import finished in 0.00s
ASSEMBLY_MATERIAL_WARN roof_metal_low_5_5 roof_metal_01: No module named 'export_glb'
22:31:58 | INFO: Data are loaded, start creating Blender stuff
22:31:58 | INFO: Blender create Mesh node Cube
22:31:58 | INFO: glTF import finished in 0.01s
ASSEMBLY_MATERIAL_WARN roof_metal_low_6_5 roof_metal_01: No module named 'export_glb'
22:31:58 | INFO: Data are loaded, start creating Blender stuff
22:31:58 | INFO: Blender create Mesh node Cube
22:31:58 | INFO: glTF import finished in 0.00s
ASSEMBLY_MATERIAL_WARN roof_metal_low_7_5 roof_metal_01: No module named 'export_glb'
22:31:58 | INFO: Data are loaded, start creating Blender stuff
22:31:58 | INFO: Blender create Mesh node Cube
22:31:58 | INFO: glTF import finished in 0.00s
ASSEMBLY_MATERIAL_WARN roof_metal_low_8_5 roof_metal_01: No module named 'export_glb'
Info: Saved as "industrial_west_9x6_s42_64c0.blend"
ASSEMBLY_BLEND_OK C:\dev\github\Rust_engine_template_01\assets\staging\assemblies\industrial_west_9x6_s42_64c0.blend
Blender 5.1.2 (hash ec6e62d40fa9 built 2026-05-19 01:37:34)

Blender quit
