12:04:35 | INFO: Data are loaded, start creating Blender stuff
12:04:35 | INFO: Blender create Mesh node Cube
12:04:35 | INFO: glTF import finished in 0.01s
12:04:35 | INFO: Data are loaded, start creating Blender stuff
12:04:35 | INFO: Blender create Mesh node door_civic_lod0_run001
12:04:35 | INFO: glTF import finished in 0.00s
12:04:35 | INFO: Data are loaded, start creating Blender stuff
12:04:35 | INFO: Blender create Mesh node Cube
12:04:35 | INFO: glTF import finished in 0.00s
12:04:35 | INFO: Data are loaded, start creating Blender stuff
12:04:35 | INFO: Blender create Mesh node Cube
12:04:35 | INFO: glTF import finished in 0.00s
12:04:35 | INFO: Data are loaded, start creating Blender stuff
12:04:35 | INFO: Blender create Mesh node Cube
12:04:35 | INFO: glTF import finished in 0.00s
12:04:35 | INFO: Data are loaded, start creating Blender stuff
12:04:35 | INFO: Blender create Mesh node Cube
12:04:35 | INFO: glTF import finished in 0.00s
12:04:35 | INFO: Data are loaded, start creating Blender stuff
12:04:35 | INFO: Blender create Mesh node Cube
12:04:35 | INFO: glTF import finished in 0.00s
12:04:35 | INFO: Data are loaded, start creating Blender stuff
12:04:35 | INFO: Blender create Mesh node Cube
12:04:35 | INFO: glTF import finished in 0.00s
12:04:35 | INFO: Data are loaded, start creating Blender stuff
12:04:35 | INFO: Blender create Mesh node Cube
12:04:35 | INFO: glTF import finished in 0.00s
12:04:35 | INFO: Data are loaded, start creating Blender stuff
12:04:35 | INFO: Blender create Mesh node Cube
12:04:35 | INFO: glTF import finished in 0.00s
12:04:35 | INFO: Data are loaded, start creating Blender stuff
12:04:35 | INFO: Blender create Mesh node Cube
12:04:35 | INFO: glTF import finished in 0.00s
12:04:35 | INFO: Data are loaded, start creating Blender stuff
12:04:35 | INFO: Blender create Mesh node Cube
12:04:35 | INFO: glTF import finished in 0.00s
12:04:35 | INFO: Data are loaded, start creating Blender stuff
12:04:35 | INFO: Blender create Mesh node Cube
12:04:35 | INFO: glTF import finished in 0.00s
12:04:35 | INFO: Data are loaded, start creating Blender stuff
12:04:35 | INFO: Blender create Mesh node Cube
12:04:35 | INFO: glTF import finished in 0.00s
12:04:35 | INFO: Data are loaded, start creating Blender stuff
12:04:35 | INFO: Blender create Mesh node Cube
12:04:35 | INFO: glTF import finished in 0.00s
12:04:35 | INFO: Data are loaded, start creating Blender stuff
12:04:35 | INFO: Blender create Mesh node Cube
12:04:35 | INFO: glTF import finished in 0.00s
12:04:35 | INFO: Data are loaded, start creating Blender stuff
12:04:35 | INFO: Blender create Mesh node Cube
12:04:35 | INFO: glTF import finished in 0.00s
12:04:35 | INFO: Data are loaded, start creating Blender stuff
12:04:35 | INFO: Blender create Mesh node Cube
12:04:35 | INFO: glTF import finished in 0.00s
12:04:35 | INFO: Data are loaded, start creating Blender stuff
12:04:35 | INFO: Blender create Mesh node Cube
12:04:35 | INFO: glTF import finished in 0.00s
12:04:35 | INFO: Data are loaded, start creating Blender stuff
12:04:35 | INFO: Blender create Mesh node Cube
12:04:35 | INFO: glTF import finished in 0.00s
12:04:35 | INFO: Data are loaded, start creating Blender stuff
12:04:35 | INFO: Blender create Mesh node Cube
12:04:35 | INFO: glTF import finished in 0.00s
12:04:35 | INFO: Data are loaded, start creating Blender stuff
12:04:35 | INFO: Blender create Mesh node Cube
12:04:35 | INFO: glTF import finished in 0.00s
12:04:35 | INFO: Data are loaded, start creating Blender stuff
12:04:35 | INFO: Blender create Mesh node Cube
12:04:35 | INFO: glTF import finished in 0.00s
12:04:35 | INFO: Data are loaded, start creating Blender stuff
12:04:35 | INFO: Blender create Mesh node Cube
12:04:35 | INFO: glTF import finished in 0.00s
Info: Saved as "colonial_3x3_s44_cf75.blend"
ASSEMBLY_BLEND_OK C:\dev\github\Rust_engine_template_01\assets\staging\assemblies\colonial_3x3_s44_cf75.blend
Blender 5.1.2 (hash ec6e62d40fa9 built 2026-05-19 01:37:34)

Blender quit
