22:31:54 | INFO: Data are loaded, start creating Blender stuff
22:31:54 | INFO: Blender create Mesh node Cube
22:31:54 | INFO: glTF import finished in 0.00s
ASSEMBLY_MATERIAL_WARN roof_sawtooth_0_0 roof_metal_01: No module named 'export_glb'
22:31:54 | INFO: Data are loaded, start creating Blender stuff
22:31:54 | INFO: Blender create Mesh node Cube
22:31:54 | INFO: glTF import finished in 0.00s
ASSEMBLY_MATERIAL_WARN roof_sawtooth_1_0 roof_metal_01: No module named 'export_glb'
22:31:54 | INFO: Data are loaded, start creating Blender stuff
22:31:54 | INFO: Blender create Mesh node Cube
22:31:54 | INFO: glTF import finished in 0.00s
ASSEMBLY_MATERIAL_WARN roof_sawtooth_2_0 roof_metal_01: No module named 'export_glb'
22:31:54 | INFO: Data are loaded, start creating Blender stuff
22:31:54 | INFO: Blender create Mesh node Cube
22:31:54 | INFO: glTF import finished in 0.00s
ASSEMBLY_MATERIAL_WARN roof_sawtooth_3_0 roof_metal_01: No module named 'export_glb'
22:31:54 | INFO: Data are loaded, start creating Blender stuff
22:31:54 | INFO: Blender create Mesh node Cube
22:31:54 | INFO: glTF import finished in 0.00s
ASSEMBLY_MATERIAL_WARN roof_sawtooth_0_1 roof_metal_01: No module named 'export_glb'
22:31:54 | INFO: Data are loaded, start creating Blender stuff
22:31:54 | INFO: Blender create Mesh node Cube
22:31:54 | INFO: glTF import finished in 0.00s
ASSEMBLY_MATERIAL_WARN roof_sawtooth_3_1 roof_metal_01: No module named 'export_glb'
22:31:54 | INFO: Data are loaded, start creating Blender stuff
22:31:54 | INFO: Blender create Mesh node Cube
22:31:54 | INFO: glTF import finished in 0.00s
ASSEMBLY_MATERIAL_WARN roof_sawtooth_0_2 roof_metal_01: No module named 'export_glb'
22:31:54 | INFO: Data are loaded, start creating Blender stuff
22:31:54 | INFO: Blender create Mesh node Cube
22:31:54 | INFO: glTF import finished in 0.00s
ASSEMBLY_MATERIAL_WARN roof_sawtooth_1_2 roof_metal_01: No module named 'export_glb'
22:31:54 | INFO: Data are loaded, start creating Blender stuff
22:31:54 | INFO: Blender create Mesh node Cube
22:31:54 | INFO: glTF import finished in 0.00s
ASSEMBLY_MATERIAL_WARN roof_sawtooth_2_2 roof_metal_01: No module named 'export_glb'
22:31:54 | INFO: Data are loaded, start creating Blender stuff
22:31:54 | INFO: Blender create Mesh node Cube
22:31:54 | INFO: glTF import finished in 0.00s
ASSEMBLY_MATERIAL_WARN roof_sawtooth_3_2 roof_metal_01: No module named 'export_glb'
Info: Saved as "industrial_soviet_4x3_s35_a8f3.blend"
ASSEMBLY_BLEND_OK C:\dev\github\Rust_engine_template_01\assets\staging\assemblies\industrial_soviet_4x3_s35_a8f3.blend
Blender 5.1.2 (hash ec6e62d40fa9 built 2026-05-19 01:37:34)

Blender quit
