22:31:56 | INFO: Data are loaded, start creating Blender stuff
22:31:56 | INFO: Blender create Mesh node Cube
22:31:56 | INFO: glTF import finished in 0.00s
ASSEMBLY_MATERIAL_WARN corner_L_0_0 steel_corner_01: No module named 'export_glb'
22:31:56 | INFO: Data are loaded, start creating Blender stuff
22:31:56 | INFO: Blender create Mesh node Cube
22:31:56 | INFO: glTF import finished in 0.00s
ASSEMBLY_MATERIAL_WARN wall_steel_1u_1_0 steel_panel_01: No module named 'export_glb'
22:31:56 | INFO: Data are loaded, start creating Blender stuff
22:31:56 | INFO: Blender create Mesh node Cube
22:31:56 | INFO: glTF import finished in 0.00s
ASSEMBLY_MATERIAL_WARN wall_steel_1u_2_0 steel_panel_01: No module named 'export_glb'
22:31:56 | INFO: Data are loaded, start creating Blender stuff
22:31:56 | INFO: Blender create Mesh node Cube
22:31:56 | INFO: glTF import finished in 0.00s
ASSEMBLY_MATERIAL_WARN wall_steel_1u_3_0 steel_panel_01: No module named 'export_glb'
22:31:56 | INFO: Data are loaded, start creating Blender stuff
22:31:56 | INFO: Blender create Mesh node door_warehouse_lod0_run001
22:31:56 | INFO: glTF import finished in 0.00s
ASSEMBLY_MATERIAL_WARN door_warehouse_4_0 steel_door_warehouse_01: No module named 'export_glb'
22:31:56 | INFO: Data are loaded, start creating Blender stuff
22:31:56 | INFO: Blender create Mesh node Cube
22:31:56 | INFO: glTF import finished in 0.00s
ASSEMBLY_MATERIAL_WARN wall_steel_1u_5_0 steel_panel_01: No module named 'export_glb'
22:31:56 | INFO: Data are loaded, start creating Blender stuff
22:31:56 | INFO: Blender create Mesh node Cube
22:31:56 | INFO: glTF import finished in 0.00s
ASSEMBLY_MATERIAL_WARN wall_steel_1u_6_0 steel_panel_01: No module named 'export_glb'
22:31:56 | INFO: Data are loaded, start creating Blender stuff
22:31:56 | INFO: Blender create Mesh node Cube
22:31:56 | INFO: glTF import finished in 0.00s
ASSEMBLY_MATERIAL_WARN corner_L_7_0 steel_corner_01: No module named 'export_glb'
22:31:56 | INFO: Data are loaded, start creating Blender stuff
22:31:56 | INFO: Blender create Mesh node Cube
22:31:56 | INFO: glTF import finished in 0.00s
ASSEMBLY_MATERIAL_WARN wall_steel_1u_0_1 steel_panel_01: No module named 'export_glb'
22:31:56 | INFO: Data are loaded, start creating Blender stuff
22:31:56 | INFO: Blender create Mesh node Cube
22:31:56 | INFO: glTF import finished in 0.00s
ASSEMBLY_MATERIAL_WARN wall_steel_1u_7_1 steel_panel_01: No module named 'export_glb'
22:31:56 | INFO: Data are loaded, start creating Blender stuff
22:31:56 | INFO: Blender create Mesh node Cube
22:31:56 | INFO: glTF import finished in 0.00s
ASSEMBLY_MATERIAL_WARN wall_steel_1u_0_2 steel_panel_01: No module named 'export_glb'
22:31:56 | INFO: Data are loaded, start creating Blender stuff
22:31:56 | INFO: Blender create Mesh node Cube
22:31:56 | INFO: glTF import finished in 0.00s
ASSEMBLY_MATERIAL_WARN wall_steel_1u_7_2 steel_panel_01: No module named 'export_glb'
22:31:56 | INFO: Data are loaded, start creating Blender stuff
22:31:56 | INFO: Blender create Mesh node Cube
22:31:56 | INFO: glTF import finished in 0.00s
ASSEMBLY_MATERIAL_WARN wall_steel_1u_0_3 steel_panel_01: No module named 'export_glb'
22:31:56 | INFO: Data are loaded, start creating Blender stuff
22:31:56 | INFO: Blender create Mesh node Cube
22:31:56 | INFO: glTF import finished in 0.00s
ASSEMBLY_MATERIAL_WARN wall_steel_1u_7_3 steel_panel_01: No module named 'export_glb'
22:31:56 | INFO: Data are loaded, start creating Blender stuff
22:31:56 | INFO: Blender create Mesh node Cube
22:31:56 | INFO: glTF import finished in 0.00s
ASSEMBLY_MATERIAL_WARN wall_steel_1u_0_4 steel_panel_01: No module named 'export_glb'
22:31:56 | INFO: Data are loaded, start creating Blender stuff
22:31:56 | INFO: Blender create Mesh node Cube
22:31:56 | INFO: glTF import finished in 0.00s
ASSEMBLY_MATERIAL_WARN wall_steel_1u_7_4 steel_panel_01: No module named 'export_glb'
22:31:56 | INFO: Data are loaded, start creating Blender stuff
22:31:56 | INFO: Blender create Mesh node Cube
22:31:56 | INFO: glTF import finished in 0.00s
ASSEMBLY_MATERIAL_WARN wall_steel_1u_0_5 steel_panel_01: No module named 'export_glb'
22:31:56 | INFO: Data are loaded, start creating Blender stuff
22:31:56 | INFO: Blender create Mesh node Cube
22:31:56 | INFO: glTF import finished in 0.00s
ASSEMBLY_MATERIAL_WARN wall_steel_1u_7_5 steel_panel_01: No module named 'export_glb'
22:31:56 | INFO: Data are loaded, start creating Blender stuff
22:31:56 | INFO: Blender create Mesh node Cube
22:31:56 | INFO: glTF import finished in 0.00s
ASSEMBLY_MATERIAL_WARN wall_steel_1u_0_6 steel_panel_01: No module named 'export_glb'
22:31:56 | INFO: Data are loaded, start creating Blender stuff
22:31:56 | INFO: Blender create Mesh node Cube
22:31:56 | INFO: glTF import finished in 0.00s
ASSEMBLY_MATERIAL_WARN wall_steel_1u_7_6 steel_panel_01: No module named 'export_glb'
22:31:56 | INFO: Data are loaded, start creating Blender stuff
22:31:56 | INFO: Blender create Mesh node Cube
22:31:56 | INFO: glTF import finished in 0.00s
ASSEMBLY_MATERIAL_WARN wall_steel_1u_0_7 steel_panel_01: No module named 'export_glb'
22:31:56 | INFO: Data are loaded, start creating Blender stuff
22:31:56 | INFO: Blender create Mesh node Cube
22:31:56 | INFO: glTF import finished in 0.00s
ASSEMBLY_MATERIAL_WARN wall_steel_1u_7_7 steel_panel_01: No module named 'export_glb'
22:31:56 | INFO: Data are loaded, start creating Blender stuff
22:31:56 | INFO: Blender create Mesh node Cube
22:31:56 | INFO: glTF import finished in 0.00s
ASSEMBLY_MATERIAL_WARN corner_L_0_8 steel_corner_01: No module named 'export_glb'
22:31:56 | INFO: Data are loaded, start creating Blender stuff
22:31:56 | INFO: Blender create Mesh node Cube
22:31:56 | INFO: glTF import finished in 0.00s
ASSEMBLY_MATERIAL_WARN wall_steel_1u_1_8 steel_panel_01: No module named 'export_glb'
22:31:56 | INFO: Data are loaded, start creating Blender stuff
22:31:56 | INFO: Blender create Mesh node Cube
22:31:56 | INFO: glTF import finished in 0.00s
ASSEMBLY_MATERIAL_WARN wall_steel_1u_2_8 steel_panel_01: No module named 'export_glb'
22:31:56 | INFO: Data are loaded, start creating Blender stuff
22:31:56 | INFO: Blender create Mesh node Cube
22:31:56 | INFO: glTF import finished in 0.00s
ASSEMBLY_MATERIAL_WARN wall_steel_1u_3_8 steel_panel_01: No module named 'export_glb'
22:31:56 | INFO: Data are loaded, start creating Blender stuff
22:31:56 | INFO: Blender create Mesh node Cube
22:31:56 | INFO: glTF import finished in 0.00s
ASSEMBLY_MATERIAL_WARN wall_steel_1u_4_8 steel_panel_01: No module named 'export_glb'
22:31:56 | INFO: Data are loaded, start creating Blender stuff
22:31:56 | INFO: Blender create Mesh node Cube
22:31:56 | INFO: glTF import finished in 0.00s
ASSEMBLY_MATERIAL_WARN wall_steel_1u_5_8 steel_panel_01: No module named 'export_glb'
22:31:56 | INFO: Data are loaded, start creating Blender stuff
22:31:56 | INFO: Blender create Mesh node Cube
22:31:56 | INFO: glTF import finished in 0.00s
ASSEMBLY_MATERIAL_WARN wall_steel_1u_6_8 steel_panel_01: No module named 'export_glb'
22:31:56 | INFO: Data are loaded, start creating Blender stuff
22:31:56 | INFO: Blender create Mesh node Cube
22:31:56 | INFO: glTF import finished in 0.00s
ASSEMBLY_MATERIAL_WARN corner_L_7_8 steel_corner_01: No module named 'export_glb'
22:31:56 | INFO: Data are loaded, start creating Blender stuff
22:31:56 | INFO: Blender create Mesh node Cube
22:31:56 | INFO: glTF import finished in 0.00s
ASSEMBLY_MATERIAL_WARN roof_metal_low_0_0 roof_metal_01: No module named 'export_glb'
22:31:56 | INFO: Data are loaded, start creating Blender stuff
22:31:56 | INFO: Blender create Mesh node Cube
22:31:56 | INFO: glTF import finished in 0.00s
ASSEMBLY_MATERIAL_WARN roof_metal_low_1_0 roof_metal_01: No module named 'export_glb'
22:31:56 | INFO: Data are loaded, start creating Blender stuff
22:31:56 | INFO: Blender create Mesh node Cube
22:31:56 | INFO: glTF import finished in 0.00s
ASSEMBLY_MATERIAL_WARN roof_metal_low_2_0 roof_metal_01: No module named 'export_glb'
22:31:56 | INFO: Data are loaded, start creating Blender stuff
22:31:56 | INFO: Blender create Mesh node Cube
22:31:56 | INFO: glTF import finished in 0.00s
ASSEMBLY_MATERIAL_WARN roof_metal_low_3_0 roof_metal_01: No module named 'export_glb'
22:31:56 | INFO: Data are loaded, start creating Blender stuff
22:31:56 | INFO: Blender create Mesh node Cube
22:31:56 | INFO: glTF import finished in 0.00s
ASSEMBLY_MATERIAL_WARN roof_metal_low_4_0 roof_metal_01: No module named 'export_glb'
22:31:56 | INFO: Data are loaded, start creating Blender stuff
22:31:56 | INFO: Blender create Mesh node Cube
22:31:56 | INFO: glTF import finished in 0.00s
ASSEMBLY_MATERIAL_WARN roof_metal_low_5_0 roof_metal_01: No module named 'export_glb'
22:31:56 | INFO: Data are loaded, start creating Blender stuff
22:31:56 | INFO: Blender create Mesh node Cube
22:31:56 | INFO: glTF import finished in 0.00s
ASSEMBLY_MATERIAL_WARN roof_metal_low_6_0 roof_metal_01: No module named 'export_glb'
22:31:56 | INFO: Data are loaded, start creating Blender stuff
22:31:56 | INFO: Blender create Mesh node Cube
22:31:56 | INFO: glTF import finished in 0.00s
ASSEMBLY_MATERIAL_WARN roof_metal_low_7_0 roof_metal_01: No module named 'export_glb'
22:31:56 | INFO: Data are loaded, start creating Blender stuff
22:31:56 | INFO: Blender create Mesh node Cube
22:31:56 | INFO: glTF import finished in 0.00s
ASSEMBLY_MATERIAL_WARN roof_metal_low_0_1 roof_metal_01: No module named 'export_glb'
22:31:56 | INFO: Data are loaded, start creating Blender stuff
22:31:56 | INFO: Blender create Mesh node Cube
22:31:56 | INFO: glTF import finished in 0.00s
ASSEMBLY_MATERIAL_WARN roof_metal_low_7_1 roof_metal_01: No module named 'export_glb'
22:31:56 | INFO: Data are loaded, start creating Blender stuff
22:31:56 | INFO: Blender create Mesh node Cube
22:31:56 | INFO: glTF import finished in 0.00s
ASSEMBLY_MATERIAL_WARN roof_metal_low_0_2 roof_metal_01: No module named 'export_glb'
22:31:56 | INFO: Data are loaded, start creating Blender stuff
22:31:56 | INFO: Blender create Mesh node Cube
22:31:56 | INFO: glTF import finished in 0.00s
ASSEMBLY_MATERIAL_WARN roof_metal_low_7_2 roof_metal_01: No module named 'export_glb'
22:31:56 | INFO: Data are loaded, start creating Blender stuff
22:31:56 | INFO: Blender create Mesh node Cube
22:31:56 | INFO: glTF import finished in 0.00s
ASSEMBLY_MATERIAL_WARN roof_metal_low_0_3 roof_metal_01: No module named 'export_glb'
22:31:56 | INFO: Data are loaded, start creating Blender stuff
22:31:56 | INFO: Blender create Mesh node Cube
22:31:56 | INFO: glTF import finished in 0.00s
ASSEMBLY_MATERIAL_WARN roof_metal_low_7_3 roof_metal_01: No module named 'export_glb'
22:31:56 | INFO: Data are loaded, start creating Blender stuff
22:31:56 | INFO: Blender create Mesh node Cube
22:31:56 | INFO: glTF import finished in 0.00s
ASSEMBLY_MATERIAL_WARN roof_metal_low_0_4 roof_metal_01: No module named 'export_glb'
22:31:56 | INFO: Data are loaded, start creating Blender stuff
22:31:56 | INFO: Blender create Mesh node Cube
22:31:56 | INFO: glTF import finished in 0.00s
ASSEMBLY_MATERIAL_WARN roof_metal_low_7_4 roof_metal_01: No module named 'export_glb'
22:31:56 | INFO: Data are loaded, start creating Blender stuff
22:31:56 | INFO: Blender create Mesh node Cube
22:31:56 | INFO: glTF import finished in 0.00s
ASSEMBLY_MATERIAL_WARN roof_metal_low_0_5 roof_metal_01: No module named 'export_glb'
22:31:56 | INFO: Data are loaded, start creating Blender stuff
22:31:56 | INFO: Blender create Mesh node Cube
22:31:56 | INFO: glTF import finished in 0.00s
ASSEMBLY_MATERIAL_WARN roof_metal_low_7_5 roof_metal_01: No module named 'export_glb'
22:31:56 | INFO: Data are loaded, start creating Blender stuff
22:31:56 | INFO: Blender create Mesh node Cube
22:31:56 | INFO: glTF import finished in 0.00s
ASSEMBLY_MATERIAL_WARN roof_metal_low_0_6 roof_metal_01: No module named 'export_glb'
22:31:56 | INFO: Data are loaded, start creating Blender stuff
22:31:56 | INFO: Blender create Mesh node Cube
22:31:56 | INFO: glTF import finished in 0.00s
ASSEMBLY_MATERIAL_WARN roof_metal_low_7_6 roof_metal_01: No module named 'export_glb'
22:31:56 | INFO: Data are loaded, start creating Blender stuff
22:31:56 | INFO: Blender create Mesh node Cube
22:31:56 | INFO: glTF import finished in 0.00s
ASSEMBLY_MATERIAL_WARN roof_metal_low_0_7 roof_metal_01: No module named 'export_glb'
22:31:56 | INFO: Data are loaded, start creating Blender stuff
22:31:56 | INFO: Blender create Mesh node Cube
22:31:56 | INFO: glTF import finished in 0.00s
ASSEMBLY_MATERIAL_WARN roof_metal_low_7_7 roof_metal_01: No module named 'export_glb'
22:31:56 | INFO: Data are loaded, start creating Blender stuff
22:31:56 | INFO: Blender create Mesh node Cube
22:31:56 | INFO: glTF import finished in 0.00s
ASSEMBLY_MATERIAL_WARN roof_metal_low_0_8 roof_metal_01: No module named 'export_glb'
22:31:56 | INFO: Data are loaded, start creating Blender stuff
22:31:56 | INFO: Blender create Mesh node Cube
22:31:56 | INFO: glTF import finished in 0.00s
ASSEMBLY_MATERIAL_WARN roof_metal_low_1_8 roof_metal_01: No module named 'export_glb'
22:31:56 | INFO: Data are loaded, start creating Blender stuff
22:31:56 | INFO: Blender create Mesh node Cube
22:31:56 | INFO: glTF import finished in 0.00s
ASSEMBLY_MATERIAL_WARN roof_metal_low_2_8 roof_metal_01: No module named 'export_glb'
22:31:56 | INFO: Data are loaded, start creating Blender stuff
22:31:56 | INFO: Blender create Mesh node Cube
22:31:56 | INFO: glTF import finished in 0.00s
ASSEMBLY_MATERIAL_WARN roof_metal_low_3_8 roof_metal_01: No module named 'export_glb'
22:31:56 | INFO: Data are loaded, start creating Blender stuff
22:31:56 | INFO: Blender create Mesh node Cube
22:31:56 | INFO: glTF import finished in 0.00s
ASSEMBLY_MATERIAL_WARN roof_metal_low_4_8 roof_metal_01: No module named 'export_glb'
22:31:56 | INFO: Data are loaded, start creating Blender stuff
22:31:56 | INFO: Blender create Mesh node Cube
22:31:56 | INFO: glTF import finished in 0.00s
ASSEMBLY_MATERIAL_WARN roof_metal_low_5_8 roof_metal_01: No module named 'export_glb'
22:31:56 | INFO: Data are loaded, start creating Blender stuff
22:31:56 | INFO: Blender create Mesh node Cube
22:31:56 | INFO: glTF import finished in 0.00s
ASSEMBLY_MATERIAL_WARN roof_metal_low_6_8 roof_metal_01: No module named 'export_glb'
22:31:56 | INFO: Data are loaded, start creating Blender stuff
22:31:56 | INFO: Blender create Mesh node Cube
22:31:56 | INFO: glTF import finished in 0.00s
ASSEMBLY_MATERIAL_WARN roof_metal_low_7_8 roof_metal_01: No module named 'export_glb'
Info: Saved as "industrial_west_8x9_s43_f75a.blend"
ASSEMBLY_BLEND_OK C:\dev\github\Rust_engine_template_01\assets\staging\assemblies\industrial_west_8x9_s43_f75a.blend
Blender 5.1.2 (hash ec6e62d40fa9 built 2026-05-19 01:37:34)

Blender quit
