14:02:21 | INFO: Data are loaded, start creating Blender stuff
14:02:21 | INFO: Blender create Mesh node Cube
14:02:21 | INFO: glTF import finished in 0.02s
ASSEMBLY_MATERIAL corner_L_0_0 steel_corner_01 mode=pbr_profile
14:02:21 | INFO: Data are loaded, start creating Blender stuff
14:02:21 | INFO: Blender create Mesh node Cube
14:02:21 | INFO: glTF import finished in 0.00s
ASSEMBLY_MATERIAL wall_steel_1u_1_0 steel_panel_01 mode=pbr_profile
14:02:21 | INFO: Data are loaded, start creating Blender stuff
14:02:21 | INFO: Blender create Mesh node Cube
14:02:21 | INFO: glTF import finished in 0.00s
ASSEMBLY_MATERIAL wall_steel_1u_2_0 steel_panel_01 mode=pbr_profile
14:02:21 | INFO: Data are loaded, start creating Blender stuff
14:02:21 | INFO: Blender create Mesh node door_warehouse_lod0_run001
14:02:21 | INFO: glTF import finished in 0.00s
ASSEMBLY_MATERIAL door_warehouse_3_0 steel_door_warehouse_01 mode=pbr_profile
14:02:21 | INFO: Data are loaded, start creating Blender stuff
14:02:21 | INFO: Blender create Mesh node Cube
14:02:21 | INFO: glTF import finished in 0.00s
ASSEMBLY_MATERIAL wall_steel_1u_4_0 steel_panel_01 mode=pbr_profile
14:02:21 | INFO: Data are loaded, start creating Blender stuff
14:02:21 | INFO: Blender create Mesh node Cube
14:02:21 | INFO: glTF import finished in 0.00s
ASSEMBLY_MATERIAL wall_steel_1u_5_0 steel_panel_01 mode=pbr_profile
14:02:21 | INFO: Data are loaded, start creating Blender stuff
14:02:21 | INFO: Blender create Mesh node Cube
14:02:21 | INFO: glTF import finished in 0.00s
ASSEMBLY_MATERIAL corner_L_6_0 steel_corner_01 mode=pbr_profile
14:02:21 | INFO: Data are loaded, start creating Blender stuff
14:02:21 | INFO: Blender create Mesh node Cube
14:02:21 | INFO: glTF import finished in 0.00s
ASSEMBLY_MATERIAL wall_steel_1u_0_1 steel_panel_01 mode=pbr_profile
14:02:21 | INFO: Data are loaded, start creating Blender stuff
14:02:21 | INFO: Blender create Mesh node Cube
14:02:21 | INFO: glTF import finished in 0.00s
ASSEMBLY_MATERIAL wall_steel_1u_6_1 steel_panel_01 mode=pbr_profile
14:02:21 | INFO: Data are loaded, start creating Blender stuff
14:02:21 | INFO: Blender create Mesh node Cube
14:02:21 | INFO: glTF import finished in 0.00s
ASSEMBLY_MATERIAL wall_steel_1u_0_2 steel_panel_01 mode=pbr_profile
14:02:21 | INFO: Data are loaded, start creating Blender stuff
14:02:21 | INFO: Blender create Mesh node Cube
14:02:21 | INFO: glTF import finished in 0.00s
ASSEMBLY_MATERIAL wall_steel_1u_6_2 steel_panel_01 mode=pbr_profile
14:02:21 | INFO: Data are loaded, start creating Blender stuff
14:02:21 | INFO: Blender create Mesh node Cube
14:02:21 | INFO: glTF import finished in 0.00s
ASSEMBLY_MATERIAL wall_steel_1u_0_3 steel_panel_01 mode=pbr_profile
14:02:21 | INFO: Data are loaded, start creating Blender stuff
14:02:21 | INFO: Blender create Mesh node Cube
14:02:21 | INFO: glTF import finished in 0.00s
ASSEMBLY_MATERIAL wall_steel_1u_6_3 steel_panel_01 mode=pbr_profile
14:02:21 | INFO: Data are loaded, start creating Blender stuff
14:02:21 | INFO: Blender create Mesh node Cube
14:02:21 | INFO: glTF import finished in 0.00s
ASSEMBLY_MATERIAL corner_L_0_4 steel_corner_01 mode=pbr_profile
14:02:21 | INFO: Data are loaded, start creating Blender stuff
14:02:21 | INFO: Blender create Mesh node Cube
14:02:21 | INFO: glTF import finished in 0.00s
ASSEMBLY_MATERIAL wall_steel_1u_1_4 steel_panel_01 mode=pbr_profile
14:02:21 | INFO: Data are loaded, start creating Blender stuff
14:02:21 | INFO: Blender create Mesh node Cube
14:02:21 | INFO: glTF import finished in 0.00s
ASSEMBLY_MATERIAL wall_steel_1u_2_4 steel_panel_01 mode=pbr_profile
14:02:21 | INFO: Data are loaded, start creating Blender stuff
14:02:21 | INFO: Blender create Mesh node Cube
14:02:21 | INFO: glTF import finished in 0.00s
ASSEMBLY_MATERIAL wall_steel_1u_3_4 steel_panel_01 mode=pbr_profile
14:02:21 | INFO: Data are loaded, start creating Blender stuff
14:02:21 | INFO: Blender create Mesh node Cube
14:02:21 | INFO: glTF import finished in 0.00s
ASSEMBLY_MATERIAL wall_steel_1u_4_4 steel_panel_01 mode=pbr_profile
14:02:21 | INFO: Data are loaded, start creating Blender stuff
14:02:21 | INFO: Blender create Mesh node Cube
14:02:21 | INFO: glTF import finished in 0.00s
ASSEMBLY_MATERIAL wall_steel_1u_5_4 steel_panel_01 mode=pbr_profile
14:02:21 | INFO: Data are loaded, start creating Blender stuff
14:02:21 | INFO: Blender create Mesh node Cube
14:02:21 | INFO: glTF import finished in 0.00s
ASSEMBLY_MATERIAL corner_L_6_4 steel_corner_01 mode=pbr_profile
14:02:21 | INFO: Data are loaded, start creating Blender stuff
14:02:21 | INFO: Blender create Mesh node Cube
14:02:21 | INFO: glTF import finished in 0.00s
ASSEMBLY_MATERIAL roof_sawtooth_0_0 roof_metal_01 mode=pbr_profile
14:02:21 | INFO: Data are loaded, start creating Blender stuff
14:02:21 | INFO: Blender create Mesh node Cube
14:02:21 | INFO: glTF import finished in 0.00s
ASSEMBLY_MATERIAL roof_sawtooth_1_0 roof_metal_01 mode=pbr_profile
14:02:21 | INFO: Data are loaded, start creating Blender stuff
14:02:21 | INFO: Blender create Mesh node Cube
14:02:21 | INFO: glTF import finished in 0.00s
ASSEMBLY_MATERIAL roof_sawtooth_2_0 roof_metal_01 mode=pbr_profile
14:02:21 | INFO: Data are loaded, start creating Blender stuff
14:02:21 | INFO: Blender create Mesh node Cube
14:02:21 | INFO: glTF import finished in 0.00s
ASSEMBLY_MATERIAL roof_sawtooth_3_0 roof_metal_01 mode=pbr_profile
14:02:21 | INFO: Data are loaded, start creating Blender stuff
14:02:21 | INFO: Blender create Mesh node Cube
14:02:21 | INFO: glTF import finished in 0.00s
ASSEMBLY_MATERIAL roof_sawtooth_4_0 roof_metal_01 mode=pbr_profile
14:02:21 | INFO: Data are loaded, start creating Blender stuff
14:02:21 | INFO: Blender create Mesh node Cube
14:02:21 | INFO: glTF import finished in 0.00s
ASSEMBLY_MATERIAL roof_sawtooth_5_0 roof_metal_01 mode=pbr_profile
14:02:21 | INFO: Data are loaded, start creating Blender stuff
14:02:21 | INFO: Blender create Mesh node Cube
14:02:21 | INFO: glTF import finished in 0.00s
ASSEMBLY_MATERIAL roof_sawtooth_6_0 roof_metal_01 mode=pbr_profile
14:02:21 | INFO: Data are loaded, start creating Blender stuff
14:02:21 | INFO: Blender create Mesh node Cube
14:02:22 | INFO: glTF import finished in 0.00s
ASSEMBLY_MATERIAL roof_sawtooth_0_1 roof_metal_01 mode=pbr_profile
14:02:22 | INFO: Data are loaded, start creating Blender stuff
14:02:22 | INFO: Blender create Mesh node Cube
14:02:22 | INFO: glTF import finished in 0.00s
ASSEMBLY_MATERIAL roof_sawtooth_6_1 roof_metal_01 mode=pbr_profile
14:02:22 | INFO: Data are loaded, start creating Blender stuff
14:02:22 | INFO: Blender create Mesh node Cube
14:02:22 | INFO: glTF import finished in 0.00s
ASSEMBLY_MATERIAL roof_sawtooth_0_2 roof_metal_01 mode=pbr_profile
14:02:22 | INFO: Data are loaded, start creating Blender stuff
14:02:22 | INFO: Blender create Mesh node Cube
14:02:22 | INFO: glTF import finished in 0.00s
ASSEMBLY_MATERIAL roof_sawtooth_6_2 roof_metal_01 mode=pbr_profile
14:02:22 | INFO: Data are loaded, start creating Blender stuff
14:02:22 | INFO: Blender create Mesh node Cube
14:02:22 | INFO: glTF import finished in 0.00s
ASSEMBLY_MATERIAL roof_sawtooth_0_3 roof_metal_01 mode=pbr_profile
14:02:22 | INFO: Data are loaded, start creating Blender stuff
14:02:22 | INFO: Blender create Mesh node Cube
14:02:22 | INFO: glTF import finished in 0.00s
ASSEMBLY_MATERIAL roof_sawtooth_6_3 roof_metal_01 mode=pbr_profile
14:02:22 | INFO: Data are loaded, start creating Blender stuff
14:02:22 | INFO: Blender create Mesh node Cube
14:02:22 | INFO: glTF import finished in 0.01s
ASSEMBLY_MATERIAL roof_sawtooth_0_4 roof_metal_01 mode=pbr_profile
14:02:22 | INFO: Data are loaded, start creating Blender stuff
14:02:22 | INFO: Blender create Mesh node Cube
14:02:22 | INFO: glTF import finished in 0.00s
ASSEMBLY_MATERIAL roof_sawtooth_1_4 roof_metal_01 mode=pbr_profile
14:02:22 | INFO: Data are loaded, start creating Blender stuff
14:02:22 | INFO: Blender create Mesh node Cube
14:02:22 | INFO: glTF import finished in 0.00s
ASSEMBLY_MATERIAL roof_sawtooth_2_4 roof_metal_01 mode=pbr_profile
14:02:22 | INFO: Data are loaded, start creating Blender stuff
14:02:22 | INFO: Blender create Mesh node Cube
14:02:22 | INFO: glTF import finished in 0.00s
ASSEMBLY_MATERIAL roof_sawtooth_3_4 roof_metal_01 mode=pbr_profile
14:02:22 | INFO: Data are loaded, start creating Blender stuff
14:02:22 | INFO: Blender create Mesh node Cube
14:02:22 | INFO: glTF import finished in 0.00s
ASSEMBLY_MATERIAL roof_sawtooth_4_4 roof_metal_01 mode=pbr_profile
14:02:22 | INFO: Data are loaded, start creating Blender stuff
14:02:22 | INFO: Blender create Mesh node Cube
14:02:22 | INFO: glTF import finished in 0.02s
ASSEMBLY_MATERIAL roof_sawtooth_5_4 roof_metal_01 mode=pbr_profile
14:02:22 | INFO: Data are loaded, start creating Blender stuff
14:02:22 | INFO: Blender create Mesh node Cube
14:02:22 | INFO: glTF import finished in 0.01s
ASSEMBLY_MATERIAL roof_sawtooth_6_4 roof_metal_01 mode=pbr_profile
ARCH_MAT_APPLY corner_L_0_0 steel_corner_01 mode=pbr_profile
ARCH_MAT_APPLY wall_steel_1u_1_0 steel_panel_01 mode=pbr_profile
ARCH_MAT_APPLY wall_steel_1u_2_0 steel_panel_01 mode=pbr_profile
ARCH_MAT_APPLY door_warehouse_3_0 steel_door_warehouse_01 mode=pbr_profile
ARCH_MAT_APPLY wall_steel_1u_4_0 steel_panel_01 mode=pbr_profile
ARCH_MAT_APPLY wall_steel_1u_5_0 steel_panel_01 mode=pbr_profile
ARCH_MAT_APPLY corner_L_6_0 steel_corner_01 mode=pbr_profile
ARCH_MAT_APPLY wall_steel_1u_0_1 steel_panel_01 mode=pbr_profile
ARCH_MAT_APPLY wall_steel_1u_6_1 steel_panel_01 mode=pbr_profile
ARCH_MAT_APPLY wall_steel_1u_0_2 steel_panel_01 mode=pbr_profile
ARCH_MAT_APPLY wall_steel_1u_6_2 steel_panel_01 mode=pbr_profile
ARCH_MAT_APPLY wall_steel_1u_0_3 steel_panel_01 mode=pbr_profile
ARCH_MAT_APPLY wall_steel_1u_6_3 steel_panel_01 mode=pbr_profile
ARCH_MAT_APPLY corner_L_0_4 steel_corner_01 mode=pbr_profile
ARCH_MAT_APPLY wall_steel_1u_1_4 steel_panel_01 mode=pbr_profile
ARCH_MAT_APPLY wall_steel_1u_2_4 steel_panel_01 mode=pbr_profile
ARCH_MAT_APPLY wall_steel_1u_3_4 steel_panel_01 mode=pbr_profile
ARCH_MAT_APPLY wall_steel_1u_4_4 steel_panel_01 mode=pbr_profile
ARCH_MAT_APPLY wall_steel_1u_5_4 steel_panel_01 mode=pbr_profile
ARCH_MAT_APPLY corner_L_6_4 steel_corner_01 mode=pbr_profile
ARCH_MAT_APPLY roof_sawtooth_0_0 roof_metal_01 mode=pbr_profile
ARCH_MAT_APPLY roof_sawtooth_1_0 roof_metal_01 mode=pbr_profile
ARCH_MAT_APPLY roof_sawtooth_2_0 roof_metal_01 mode=pbr_profile
ARCH_MAT_APPLY roof_sawtooth_3_0 roof_metal_01 mode=pbr_profile
ARCH_MAT_APPLY roof_sawtooth_4_0 roof_metal_01 mode=pbr_profile
ARCH_MAT_APPLY roof_sawtooth_5_0 roof_metal_01 mode=pbr_profile
ARCH_MAT_APPLY roof_sawtooth_6_0 roof_metal_01 mode=pbr_profile
ARCH_MAT_APPLY roof_sawtooth_0_1 roof_metal_01 mode=pbr_profile
ARCH_MAT_APPLY roof_sawtooth_6_1 roof_metal_01 mode=pbr_profile
ARCH_MAT_APPLY roof_sawtooth_0_2 roof_metal_01 mode=pbr_profile
ARCH_MAT_APPLY roof_sawtooth_6_2 roof_metal_01 mode=pbr_profile
ARCH_MAT_APPLY roof_sawtooth_0_3 roof_metal_01 mode=pbr_profile
ARCH_MAT_APPLY roof_sawtooth_6_3 roof_metal_01 mode=pbr_profile
ARCH_MAT_APPLY roof_sawtooth_0_4 roof_metal_01 mode=pbr_profile
ARCH_MAT_APPLY roof_sawtooth_1_4 roof_metal_01 mode=pbr_profile
ARCH_MAT_APPLY roof_sawtooth_2_4 roof_metal_01 mode=pbr_profile
ARCH_MAT_APPLY roof_sawtooth_3_4 roof_metal_01 mode=pbr_profile
ARCH_MAT_APPLY roof_sawtooth_4_4 roof_metal_01 mode=pbr_profile
ARCH_MAT_APPLY roof_sawtooth_5_4 roof_metal_01 mode=pbr_profile
ARCH_MAT_APPLY roof_sawtooth_6_4 roof_metal_01 mode=pbr_profile
Info: Saved as "industrial_west_7x5_s39_9fa1.blend"
ASSEMBLY_BLEND_OK C:\dev\github\Rust_engine_template_01\assets\staging\assemblies\industrial_west_7x5_s39_9fa1.blend
Blender 5.1.2 (hash ec6e62d40fa9 built 2026-05-19 01:37:34)

Blender quit
