00:00.328  blend            | Read blend: "C:\dev\github\Rust_engine_template_01\assets\staging\assemblies\victorian_4x3_s42_a7cb.blend"
00:01.156  render           | Saved: 'C:\dev\github\Rust_engine_template_01\assets\staging\tiles\tile_rowhouse_victorian_production_v1\clean_night_on.png'
ARCH_MAT_APPLY corner_L_0_0 concrete_grey_01 mode=pbr_profile
ARCH_MAT_APPLY wall_brick_1u_1_0 brick_red_01 mode=pbr_profile
ARCH_MAT_APPLY door_residential_2_0 wood_plank_01 mode=pbr_profile
ARCH_MAT_APPLY corner_L_3_0 concrete_grey_01 mode=pbr_profile
ARCH_MAT_APPLY wall_brick_1u_0_1 brick_red_01 mode=pbr_profile
ARCH_MAT_APPLY wall_brick_1u_3_1 brick_red_01 mode=pbr_profile
ARCH_MAT_APPLY corner_L_0_2 concrete_grey_01 mode=pbr_profile
ARCH_MAT_APPLY wall_brick_1u_1_2 brick_red_01 mode=pbr_profile
ARCH_MAT_APPLY wall_brick_1u_2_2 brick_red_01 mode=pbr_profile
ARCH_MAT_APPLY corner_L_3_2 concrete_grey_01 mode=pbr_profile
ARCH_MAT_APPLY corner_L_0_0 concrete_grey_01 mode=pbr_profile
ARCH_MAT_APPLY wall_brick_1u_1_0 brick_red_01 mode=pbr_profile
ARCH_MAT_APPLY wall_brick_1u_2_0 brick_red_01 mode=pbr_profile
ARCH_MAT_APPLY corner_L_3_0 concrete_grey_01 mode=pbr_profile
ARCH_MAT_APPLY wall_brick_1u_0_1 brick_red_01 mode=pbr_profile
ARCH_MAT_APPLY wall_brick_1u_3_1 brick_red_01 mode=pbr_profile
ARCH_MAT_APPLY corner_L_0_2 concrete_grey_01 mode=pbr_profile
ARCH_MAT_APPLY wall_brick_1u_1_2 brick_red_01 mode=pbr_profile
ARCH_MAT_APPLY wall_brick_1u_2_2 brick_red_01 mode=pbr_profile
ARCH_MAT_APPLY corner_L_3_2 concrete_grey_01 mode=pbr_profile
ARCH_MAT_APPLY roof_pitched_gable_0_0 roof_tile_01 mode=pbr_profile
ARCH_MAT_APPLY roof_pitched_gable_1_0 roof_tile_01 mode=pbr_profile
ARCH_MAT_APPLY roof_pitched_gable_2_0 roof_tile_01 mode=pbr_profile
ARCH_MAT_APPLY roof_pitched_gable_3_0 roof_tile_01 mode=pbr_profile
ARCH_MAT_APPLY roof_pitched_gable_0_1 roof_tile_01 mode=pbr_profile
ARCH_MAT_APPLY roof_pitched_gable_3_1 roof_tile_01 mode=pbr_profile
ARCH_MAT_APPLY roof_pitched_gable_0_2 roof_tile_01 mode=pbr_profile
ARCH_MAT_APPLY roof_pitched_gable_1_2 roof_tile_01 mode=pbr_profile
ARCH_MAT_APPLY roof_pitched_gable_2_2 roof_tile_01 mode=pbr_profile
ARCH_MAT_APPLY roof_pitched_gable_3_2 roof_tile_01 mode=pbr_profile
ARCH_MAT_KEYFRAME applied=21
TILE_KEYFRAME_OK C:\dev\github\Rust_engine_template_01\assets\staging\tiles\tile_rowhouse_victorian_production_v1\clean_night_on.png
Blender 5.1.2 (hash ec6e62d40fa9 built 2026-05-19 01:37:34)

Blender quit
